21:20:23 [vite] (client) [console.error] Each child in a list should have a unique "key" prop.

Check the render method of `select`. It was passed a child from Checkout. See https://react.dev/link/warning-keys for more information.
21:22:50 [vite] (client) [console.error] Each child in a list should have a unique "key" prop.

Check the render method of `select`. It was passed a child from Checkout. See https://react.dev/link/warning-keys for more information.
21:41:36 [vite] (client) Pre-transform error: Failed to resolve import "./TriunfoMenu.jsx" from "src/main.jsx". Does the file exist?
  Plugin: vite:import-analysis
  File: C:/laragon/www/cardapio_inteligente/frontend/src/main.jsx:5:38
  6  |  const App = lazy(_c = () => import("./App.jsx"));
  7  |  _c2 = App;
  8  |  const TriunfoMenu = lazy(_c3 = () => import("./TriunfoMenu.jsx"));
     |                                              ^
  9  |  _c4 = TriunfoMenu;
  10 |  const isMarketingPage = /^\/triunfo-menu\/?$/.test(window.location.pathname);
21:41:36 [vite] (client) Pre-transform error: Failed to resolve import "./TriunfoMenu.jsx" from "src/main.jsx". Does the file exist?
  Plugin: vite:import-analysis
  File: C:/laragon/www/cardapio_inteligente/frontend/src/main.jsx:5:38
  6  |  const App = lazy(_c = () => import("./App.jsx"));
  7  |  _c2 = App;
  8  |  const TriunfoMenu = lazy(_c3 = () => import("./TriunfoMenu.jsx"));
     |                                              ^
  9  |  _c4 = TriunfoMenu;
  10 |  const isMarketingPage = /^\/triunfo-menu\/?$/.test(window.location.pathname);
21:41:36 [vite] (client) Pre-transform error: Failed to resolve import "./TriunfoMenu.jsx" from "src/main.jsx". Does the file exist?
  Plugin: vite:import-analysis
  File: C:/laragon/www/cardapio_inteligente/frontend/src/main.jsx:5:38
  6  |  const App = lazy(_c = () => import("./App.jsx"));
  7  |  _c2 = App;
  8  |  const TriunfoMenu = lazy(_c3 = () => import("./TriunfoMenu.jsx"));
     |                                              ^
  9  |  _c4 = TriunfoMenu;
  10 |  const isMarketingPage = /^\/triunfo-menu\/?$/.test(window.location.pathname);
21:41:36 [vite] Internal server error: Failed to resolve import "./TriunfoMenu.jsx" from "src/main.jsx". Does the file exist?
  Plugin: vite:import-analysis
  File: C:/laragon/www/cardapio_inteligente/frontend/src/main.jsx:5:38
  6  |  const App = lazy(_c = () => import("./App.jsx"));
  7  |  _c2 = App;
  8  |  const TriunfoMenu = lazy(_c3 = () => import("./TriunfoMenu.jsx"));
     |                                              ^
  9  |  _c4 = TriunfoMenu;
  10 |  const isMarketingPage = /^\/triunfo-menu\/?$/.test(window.location.pathname);
      at TransformPluginContext._formatLog (file:///C:/laragon/www/cardapio_inteligente/frontend/node_modules/vite/dist/node/chunks/node.js:8736:39)
      at TransformPluginContext.error (file:///C:/laragon/www/cardapio_inteligente/frontend/node_modules/vite/dist/node/chunks/node.js:8733:14)
      at normalizeUrl (file:///C:/laragon/www/cardapio_inteligente/frontend/node_modules/vite/dist/node/chunks/node.js:26423:18)
      at async file:///C:/laragon/www/cardapio_inteligente/frontend/node_modules/vite/dist/node/chunks/node.js:26493:30
      at async Promise.all (index 5)
      at async TransformPluginContext.transform (file:///C:/laragon/www/cardapio_inteligente/frontend/node_modules/vite/dist/node/chunks/node.js:26459:4)
      at async EnvironmentPluginContainer.transform (file:///C:/laragon/www/cardapio_inteligente/frontend/node_modules/vite/dist/node/chunks/node.js:8515:14)
      at async loadAndTransform (file:///C:/laragon/www/cardapio_inteligente/frontend/node_modules/vite/dist/node/chunks/node.js:19998:26)
21:41:37 [vite] (client) Pre-transform error: Failed to resolve import "./TriunfoMenu.jsx" from "src/main.jsx". Does the file exist?
  Plugin: vite:import-analysis
  File: C:/laragon/www/cardapio_inteligente/frontend/src/main.jsx:5:38
  6  |  const App = lazy(_c = () => import("./App.jsx"));
  7  |  _c2 = App;
  8  |  const TriunfoMenu = lazy(_c3 = () => import("./TriunfoMenu.jsx"));
     |                                              ^
  9  |  _c4 = TriunfoMenu;
  10 |  const isMarketingPage = /^\/triunfo-menu\/?$/.test(window.location.pathname);
21:41:37 [vite] (client) Pre-transform error: Failed to resolve import "./TriunfoMenu.jsx" from "src/main.jsx". Does the file exist?
  Plugin: vite:import-analysis
  File: C:/laragon/www/cardapio_inteligente/frontend/src/main.jsx:5:38
  6  |  const App = lazy(_c = () => import("./App.jsx"));
  7  |  _c2 = App;
  8  |  const TriunfoMenu = lazy(_c3 = () => import("./TriunfoMenu.jsx"));
     |                                              ^
  9  |  _c4 = TriunfoMenu;
  10 |  const isMarketingPage = /^\/triunfo-menu\/?$/.test(window.location.pathname);
21:41:37 [vite] (client) Pre-transform error: Failed to resolve import "./TriunfoMenu.jsx" from "src/main.jsx". Does the file exist?
  Plugin: vite:import-analysis
  File: C:/laragon/www/cardapio_inteligente/frontend/src/main.jsx:5:38
  6  |  const App = lazy(_c = () => import("./App.jsx"));
  7  |  _c2 = App;
  8  |  const TriunfoMenu = lazy(_c3 = () => import("./TriunfoMenu.jsx"));
     |                                              ^
  9  |  _c4 = TriunfoMenu;
  10 |  const isMarketingPage = /^\/triunfo-menu\/?$/.test(window.location.pathname);
21:41:37 [vite] Internal server error: Failed to resolve import "./TriunfoMenu.jsx" from "src/main.jsx". Does the file exist?
  Plugin: vite:import-analysis
  File: C:/laragon/www/cardapio_inteligente/frontend/src/main.jsx:5:38
  6  |  const App = lazy(_c = () => import("./App.jsx"));
  7  |  _c2 = App;
  8  |  const TriunfoMenu = lazy(_c3 = () => import("./TriunfoMenu.jsx"));
     |                                              ^
  9  |  _c4 = TriunfoMenu;
  10 |  const isMarketingPage = /^\/triunfo-menu\/?$/.test(window.location.pathname);
      at TransformPluginContext._formatLog (file:///C:/laragon/www/cardapio_inteligente/frontend/node_modules/vite/dist/node/chunks/node.js:8736:39)
      at TransformPluginContext.error (file:///C:/laragon/www/cardapio_inteligente/frontend/node_modules/vite/dist/node/chunks/node.js:8733:14)
      at normalizeUrl (file:///C:/laragon/www/cardapio_inteligente/frontend/node_modules/vite/dist/node/chunks/node.js:26423:18)
      at async file:///C:/laragon/www/cardapio_inteligente/frontend/node_modules/vite/dist/node/chunks/node.js:26493:30
      at async Promise.all (index 5)
      at async TransformPluginContext.transform (file:///C:/laragon/www/cardapio_inteligente/frontend/node_modules/vite/dist/node/chunks/node.js:26459:4)
      at async EnvironmentPluginContainer.transform (file:///C:/laragon/www/cardapio_inteligente/frontend/node_modules/vite/dist/node/chunks/node.js:8515:14)
      at async loadAndTransform (file:///C:/laragon/www/cardapio_inteligente/frontend/node_modules/vite/dist/node/chunks/node.js:19998:26)
21:41:37 [vite] (client) Pre-transform error: Failed to resolve import "./TriunfoMenu.jsx" from "src/main.jsx". Does the file exist?
  Plugin: vite:import-analysis
  File: C:/laragon/www/cardapio_inteligente/frontend/src/main.jsx:5:38
  6  |  const App = lazy(_c = () => import("./App.jsx"));
  7  |  _c2 = App;
  8  |  const TriunfoMenu = lazy(_c3 = () => import("./TriunfoMenu.jsx"));
     |                                              ^
  9  |  _c4 = TriunfoMenu;
  10 |  const isMarketingPage = /^\/triunfo-menu\/?$/.test(window.location.pathname);
21:41:37 [vite] (client) Pre-transform error: Failed to resolve import "./TriunfoMenu.jsx" from "src/main.jsx". Does the file exist?
  Plugin: vite:import-analysis
  File: C:/laragon/www/cardapio_inteligente/frontend/src/main.jsx:5:38
  6  |  const App = lazy(_c = () => import("./App.jsx"));
  7  |  _c2 = App;
  8  |  const TriunfoMenu = lazy(_c3 = () => import("./TriunfoMenu.jsx"));
     |                                              ^
  9  |  _c4 = TriunfoMenu;
  10 |  const isMarketingPage = /^\/triunfo-menu\/?$/.test(window.location.pathname);
21:41:37 [vite] (client) Pre-transform error: Failed to resolve import "./TriunfoMenu.jsx" from "src/main.jsx". Does the file exist?
  Plugin: vite:import-analysis
  File: C:/laragon/www/cardapio_inteligente/frontend/src/main.jsx:5:38
  6  |  const App = lazy(_c = () => import("./App.jsx"));
  7  |  _c2 = App;
  8  |  const TriunfoMenu = lazy(_c3 = () => import("./TriunfoMenu.jsx"));
     |                                              ^
  9  |  _c4 = TriunfoMenu;
  10 |  const isMarketingPage = /^\/triunfo-menu\/?$/.test(window.location.pathname);
21:41:37 [vite] Internal server error: Failed to resolve import "./TriunfoMenu.jsx" from "src/main.jsx". Does the file exist?
  Plugin: vite:import-analysis
  File: C:/laragon/www/cardapio_inteligente/frontend/src/main.jsx:5:38
  6  |  const App = lazy(_c = () => import("./App.jsx"));
  7  |  _c2 = App;
  8  |  const TriunfoMenu = lazy(_c3 = () => import("./TriunfoMenu.jsx"));
     |                                              ^
  9  |  _c4 = TriunfoMenu;
  10 |  const isMarketingPage = /^\/triunfo-menu\/?$/.test(window.location.pathname);
      at TransformPluginContext._formatLog (file:///C:/laragon/www/cardapio_inteligente/frontend/node_modules/vite/dist/node/chunks/node.js:8736:39)
      at TransformPluginContext.error (file:///C:/laragon/www/cardapio_inteligente/frontend/node_modules/vite/dist/node/chunks/node.js:8733:14)
      at normalizeUrl (file:///C:/laragon/www/cardapio_inteligente/frontend/node_modules/vite/dist/node/chunks/node.js:26423:18)
      at async file:///C:/laragon/www/cardapio_inteligente/frontend/node_modules/vite/dist/node/chunks/node.js:26493:30
      at async Promise.all (index 5)
      at async TransformPluginContext.transform (file:///C:/laragon/www/cardapio_inteligente/frontend/node_modules/vite/dist/node/chunks/node.js:26459:4)
      at async EnvironmentPluginContainer.transform (file:///C:/laragon/www/cardapio_inteligente/frontend/node_modules/vite/dist/node/chunks/node.js:8515:14)
      at async loadAndTransform (file:///C:/laragon/www/cardapio_inteligente/frontend/node_modules/vite/dist/node/chunks/node.js:19998:26)
21:43:01 [vite] Internal server error: Failed to resolve import "./RouteApp.jsx" from "src/main.jsx". Does the file exist?
  Plugin: vite:import-analysis
  File: C:/laragon/www/cardapio_inteligente/frontend/src/main.jsx:4:21
  2  |  import { createRoot } from "react-dom/client";
  3  |  import "./index.css";
  4  |  import RouteApp from "./RouteApp.jsx";
     |                        ^
  5  |  var _jsxFileName = "C:/laragon/www/cardapio_inteligente/frontend/src/main.jsx";
  6  |  import { jsxDEV as _jsxDEV } from "react/jsx-dev-runtime";
      at TransformPluginContext._formatLog (file:///C:/laragon/www/cardapio_inteligente/frontend/node_modules/vite/dist/node/chunks/node.js:8736:39)
      at TransformPluginContext.error (file:///C:/laragon/www/cardapio_inteligente/frontend/node_modules/vite/dist/node/chunks/node.js:8733:14)
      at normalizeUrl (file:///C:/laragon/www/cardapio_inteligente/frontend/node_modules/vite/dist/node/chunks/node.js:26423:18)
      at async file:///C:/laragon/www/cardapio_inteligente/frontend/node_modules/vite/dist/node/chunks/node.js:26493:30
      at async Promise.all (index 3)
      at async TransformPluginContext.transform (file:///C:/laragon/www/cardapio_inteligente/frontend/node_modules/vite/dist/node/chunks/node.js:26459:4)
      at async EnvironmentPluginContainer.transform (file:///C:/laragon/www/cardapio_inteligente/frontend/node_modules/vite/dist/node/chunks/node.js:8515:14)
      at async loadAndTransform (file:///C:/laragon/www/cardapio_inteligente/frontend/node_modules/vite/dist/node/chunks/node.js:19998:26)
      at async viteTransformMiddleware (file:///C:/laragon/www/cardapio_inteligente/frontend/node_modules/vite/dist/node/chunks/node.js:20217:20)
21:43:01 [vite] (client) [console.error] [vite] Failed to reload /src/main.jsx. This could be due to syntax errors or importing non-existent modules. (see errors above)
